2026-02-03T12:44:40.6700903Z Current runner version: '2.331.0'
2026-02-03T12:44:40.6736518Z ##[group]Runner Image Provisioner
2026-02-03T12:44:40.6737807Z Hosted Compute Agent
2026-02-03T12:44:40.6738722Z Version: 20260123.484
2026-02-03T12:44:40.6739964Z Commit: 6bd6555ca37d84114959e1c76d2c01448ff61c5d
2026-02-03T12:44:40.6741171Z Build Date: 2026-01-23T19:41:17Z
2026-02-03T12:44:40.6742354Z Worker ID: {8e42c12f-7271-4a99-a3cd-b1fb7df3670d}
2026-02-03T12:44:40.6743792Z Azure Region: eastus
2026-02-03T12:44:40.6744680Z ##[endgroup]
2026-02-03T12:44:40.6747638Z ##[group]Operating System
2026-02-03T12:44:40.6748850Z Ubuntu
2026-02-03T12:44:40.6749546Z 24.04.3
2026-02-03T12:44:40.6750448Z LTS
2026-02-03T12:44:40.6751219Z ##[endgroup]
2026-02-03T12:44:40.6751969Z ##[group]Runner Image
2026-02-03T12:44:40.6753028Z Image: ubuntu-24.04
2026-02-03T12:44:40.6753918Z Version: 20260126.10.1
2026-02-03T12:44:40.6756352Z Included Software: https://github.com/actions/runner-images/blob/ubuntu24/20260126.10/images/ubuntu/Ubuntu2404-Readme.md
2026-02-03T12:44:40.6759050Z Image Release: https://github.com/actions/runner-images/releases/tag/ubuntu24%2F20260126.10
2026-02-03T12:44:40.6760996Z ##[endgroup]
2026-02-03T12:44:40.6762884Z ##[group]GITHUB_TOKEN Permissions
2026-02-03T12:44:40.6765983Z Contents: read
2026-02-03T12:44:40.6767048Z Metadata: read
2026-02-03T12:44:40.6767843Z Packages: read
2026-02-03T12:44:40.6768811Z ##[endgroup]
2026-02-03T12:44:40.6772027Z Secret source: Actions
2026-02-03T12:44:40.6773081Z Prepare workflow directory
2026-02-03T12:44:40.7245136Z Prepare all required actions
2026-02-03T12:44:40.7302731Z Getting action download info
2026-02-03T12:44:41.0643805Z Download action repository 'actions/checkout@v4' (SHA:34e114876b0b11c390a56381ad16ebd13914f8d5)
2026-02-03T12:44:41.1614616Z Download action repository 'actions/setup-node@v4' (SHA:49933ea5288caeca8642d1e84afbd3f7d6820020)
2026-02-03T12:44:41.2486897Z Download action repository 'actions/upload-artifact@v4' (SHA:ea165f8d65b6e75b540449e92b4886f43607fa02)
2026-02-03T12:44:41.4622524Z Complete job name: Build on ubuntu-latest
2026-02-03T12:44:41.5308818Z ##[group]Run actions/checkout@v4
2026-02-03T12:44:41.5309793Z with:
2026-02-03T12:44:41.5310262Z   repository: Renderdragonorg/Renderdragon-native
2026-02-03T12:44:41.5311015Z   token: ***
2026-02-03T12:44:41.5311405Z   ssh-strict: true
2026-02-03T12:44:41.5311801Z   ssh-user: git
2026-02-03T12:44:41.5312208Z   persist-credentials: true
2026-02-03T12:44:41.5312649Z   clean: true
2026-02-03T12:44:41.5313063Z   sparse-checkout-cone-mode: true
2026-02-03T12:44:41.5313536Z   fetch-depth: 1
2026-02-03T12:44:41.5313928Z   fetch-tags: false
2026-02-03T12:44:41.5314335Z   show-progress: true
2026-02-03T12:44:41.5314742Z   lfs: false
2026-02-03T12:44:41.5315111Z   submodules: false
2026-02-03T12:44:41.5315527Z   set-safe-directory: true
2026-02-03T12:44:41.5316430Z ##[endgroup]
2026-02-03T12:44:41.6397414Z Syncing repository: Renderdragonorg/Renderdragon-native
2026-02-03T12:44:41.6399210Z ##[group]Getting Git version info
2026-02-03T12:44:41.6400445Z Working directory is '/home/runner/work/Renderdragon-native/Renderdragon-native'
2026-02-03T12:44:41.6401855Z [command]/usr/bin/git version
2026-02-03T12:44:41.6538454Z git version 2.52.0
2026-02-03T12:44:41.6565048Z ##[endgroup]
2026-02-03T12:44:41.6581301Z Temporarily overriding HOME='/home/runner/work/_temp/798071f5-7d38-48eb-8be2-559fbfe866fd' before making global git config changes
2026-02-03T12:44:41.6583663Z Adding repository directory to the temporary git global config as a safe directory
2026-02-03T12:44:41.6588469Z [command]/usr/bin/git config --global --add safe.directory /home/runner/work/Renderdragon-native/Renderdragon-native
2026-02-03T12:44:41.6630740Z Deleting the contents of '/home/runner/work/Renderdragon-native/Renderdragon-native'
2026-02-03T12:44:41.6633515Z ##[group]Initializing the repository
2026-02-03T12:44:41.6638933Z [command]/usr/bin/git init /home/runner/work/Renderdragon-native/Renderdragon-native
2026-02-03T12:44:41.6751002Z hint: Using 'master' as the name for the initial branch. This default branch name
2026-02-03T12:44:41.6752545Z hint: will change to "main" in Git 3.0. To configure the initial branch name
2026-02-03T12:44:41.6754213Z hint: to use in all of your new repositories, which will suppress this warning,
2026-02-03T12:44:41.6755459Z hint: call:
2026-02-03T12:44:41.6756042Z hint:
2026-02-03T12:44:41.6756960Z hint: 	git config --global init.defaultBranch <name>
2026-02-03T12:44:41.6757913Z hint:
2026-02-03T12:44:41.6758595Z hint: Names commonly chosen instead of 'master' are 'main', 'trunk' and
2026-02-03T12:44:41.6759499Z hint: 'development'. The just-created branch can be renamed via this command:
2026-02-03T12:44:41.6760241Z hint:
2026-02-03T12:44:41.6760629Z hint: 	git branch -m <name>
2026-02-03T12:44:41.6761056Z hint:
2026-02-03T12:44:41.6761627Z hint: Disable this message with "git config set advice.defaultBranchName false"
2026-02-03T12:44:41.6762739Z Initialized empty Git repository in /home/runner/work/Renderdragon-native/Renderdragon-native/.git/
2026-02-03T12:44:41.6771545Z [command]/usr/bin/git remote add origin https://github.com/Renderdragonorg/Renderdragon-native
2026-02-03T12:44:41.6807703Z ##[endgroup]
2026-02-03T12:44:41.6808437Z ##[group]Disabling automatic garbage collection
2026-02-03T12:44:41.6813664Z [command]/usr/bin/git config --local gc.auto 0
2026-02-03T12:44:41.6845839Z ##[endgroup]
2026-02-03T12:44:41.6846852Z ##[group]Setting up auth
2026-02-03T12:44:41.6856818Z [command]/usr/bin/git config --local --name-only --get-regexp core\.sshCommand
2026-02-03T12:44:41.6891722Z [command]/usr/bin/git submodule foreach --recursive sh -c "git config --local --name-only --get-regexp 'core\.sshCommand' && git config --local --unset-all 'core.sshCommand' || :"
2026-02-03T12:44:41.7251073Z [command]/usr/bin/git config --local --name-only --get-regexp http\.https\:\/\/github\.com\/\.extraheader
2026-02-03T12:44:41.7282420Z [command]/usr/bin/git submodule foreach --recursive sh -c "git config --local --name-only --get-regexp 'http\.https\:\/\/github\.com\/\.extraheader' && git config --local --unset-all 'http.https://github.com/.extraheader' || :"
2026-02-03T12:44:41.7519597Z [command]/usr/bin/git config --local --name-only --get-regexp ^includeIf\.gitdir:
2026-02-03T12:44:41.7555165Z [command]/usr/bin/git submodule foreach --recursive git config --local --show-origin --name-only --get-regexp remote.origin.url
2026-02-03T12:44:41.7785051Z [command]/usr/bin/git config --local http.https://github.com/.extraheader AUTHORIZATION: basic ***
2026-02-03T12:44:41.7818319Z ##[endgroup]
2026-02-03T12:44:41.7819654Z ##[group]Fetching the repository
2026-02-03T12:44:41.7828111Z [command]/usr/bin/git -c protocol.version=2 fetch --no-tags --prune --no-recurse-submodules --depth=1 origin +95e70e78f3b136e0a83a17837d7591034a675e5d:refs/remotes/pull/5/merge
2026-02-03T12:44:41.9764787Z From https://github.com/Renderdragonorg/Renderdragon-native
2026-02-03T12:44:41.9766604Z  * [new ref]         95e70e78f3b136e0a83a17837d7591034a675e5d -> pull/5/merge
2026-02-03T12:44:41.9798008Z ##[endgroup]
2026-02-03T12:44:41.9798758Z ##[group]Determining the checkout info
2026-02-03T12:44:41.9800148Z ##[endgroup]
2026-02-03T12:44:41.9804927Z [command]/usr/bin/git sparse-checkout disable
2026-02-03T12:44:41.9844188Z [command]/usr/bin/git config --local --unset-all extensions.worktreeConfig
2026-02-03T12:44:41.9868877Z ##[group]Checking out the ref
2026-02-03T12:44:41.9872234Z [command]/usr/bin/git checkout --progress --force refs/remotes/pull/5/merge
2026-02-03T12:44:41.9924920Z Note: switching to 'refs/remotes/pull/5/merge'.
2026-02-03T12:44:41.9925708Z 
2026-02-03T12:44:41.9926850Z You are in 'detached HEAD' state. You can look around, make experimental
2026-02-03T12:44:41.9928374Z changes and commit them, and you can discard any commits you make in this
2026-02-03T12:44:41.9929812Z state without impacting any branches by switching back to a branch.
2026-02-03T12:44:41.9930593Z 
2026-02-03T12:44:41.9930946Z If you want to create a new branch to retain commits you create, you may
2026-02-03T12:44:41.9932092Z do so (now or later) by using -c with the switch command. Example:
2026-02-03T12:44:41.9932573Z 
2026-02-03T12:44:41.9932770Z   git switch -c <new-branch-name>
2026-02-03T12:44:41.9933092Z 
2026-02-03T12:44:41.9933288Z Or undo this operation with:
2026-02-03T12:44:41.9933791Z 
2026-02-03T12:44:41.9934066Z   git switch -
2026-02-03T12:44:41.9934434Z 
2026-02-03T12:44:41.9934942Z Turn off this advice by setting config variable advice.detachedHead to false
2026-02-03T12:44:41.9935487Z 
2026-02-03T12:44:41.9936098Z HEAD is now at 95e70e7 Merge cf174654236704f6f20e6f8cbe05d1bdf147d511 into 7f78fdfa830c6de2e9a7428c269165e187a0621c
2026-02-03T12:44:41.9938430Z ##[endgroup]
2026-02-03T12:44:41.9967373Z [command]/usr/bin/git log -1 --format=%H
2026-02-03T12:44:41.9988651Z 95e70e78f3b136e0a83a17837d7591034a675e5d
2026-02-03T12:44:42.0236060Z ##[group]Run actions/setup-node@v4
2026-02-03T12:44:42.0236739Z with:
2026-02-03T12:44:42.0237090Z   node-version: 20
2026-02-03T12:44:42.0237453Z   cache: npm
2026-02-03T12:44:42.0237822Z   always-auth: false
2026-02-03T12:44:42.0238203Z   check-latest: false
2026-02-03T12:44:42.0238756Z   token: ***
2026-02-03T12:44:42.0239105Z ##[endgroup]
2026-02-03T12:44:42.1988178Z Found in cache @ /opt/hostedtoolcache/node/20.20.0/x64
2026-02-03T12:44:42.1995929Z ##[group]Environment details
2026-02-03T12:44:44.6551229Z node: v20.20.0
2026-02-03T12:44:44.6551748Z npm: 10.8.2
2026-02-03T12:44:44.6552124Z yarn: 1.22.22
2026-02-03T12:44:44.6555546Z ##[endgroup]
2026-02-03T12:44:44.6575513Z [command]/opt/hostedtoolcache/node/20.20.0/x64/bin/npm config get cache
2026-02-03T12:44:44.9610582Z /home/runner/.npm
2026-02-03T12:44:45.0896915Z Cache hit for: node-cache-Linux-x64-npm-1d05f293e7be3da88a72d6d925c20185a1e2d6c33bfe638be3cc4e993ce0fc6e
2026-02-03T12:44:45.7179971Z Received 97856147 of 97856147 (100.0%), 163.2 MBs/sec
2026-02-03T12:44:45.7180986Z Cache Size: ~93 MB (97856147 B)
2026-02-03T12:44:45.7228813Z [command]/usr/bin/tar -xf /home/runner/work/_temp/6543661a-2c0f-4eb6-b8a9-f21dadbe5288/cache.tzst -P -C /home/runner/work/Renderdragon-native/Renderdragon-native --use-compress-program unzstd
2026-02-03T12:44:45.9061900Z Cache restored successfully
2026-02-03T12:44:45.9322780Z Cache restored from key: node-cache-Linux-x64-npm-1d05f293e7be3da88a72d6d925c20185a1e2d6c33bfe638be3cc4e993ce0fc6e
2026-02-03T12:44:45.9444836Z ##[group]Run npm ci
2026-02-03T12:44:45.9445160Z [36;1mnpm ci[0m
2026-02-03T12:44:45.9489695Z shell: /usr/bin/bash -e {0}
2026-02-03T12:44:45.9490030Z ##[endgroup]
2026-02-03T12:44:47.6968976Z npm warn EBADENGINE Unsupported engine {
2026-02-03T12:44:47.6969736Z npm warn EBADENGINE   package: '@electron/rebuild@4.0.3',
2026-02-03T12:44:47.6970391Z npm warn EBADENGINE   required: { node: '>=22.12.0' },
2026-02-03T12:44:47.6971001Z npm warn EBADENGINE   current: { node: 'v20.20.0', npm: '10.8.2' }
2026-02-03T12:44:47.6971454Z npm warn EBADENGINE }
2026-02-03T12:44:47.6986381Z npm warn EBADENGINE Unsupported engine {
2026-02-03T12:44:47.6987093Z npm warn EBADENGINE   package: 'node-abi@4.26.0',
2026-02-03T12:44:47.6987903Z npm warn EBADENGINE   required: { node: '>=22.12.0' },
2026-02-03T12:44:47.6988765Z npm warn EBADENGINE   current: { node: 'v20.20.0', npm: '10.8.2' }
2026-02-03T12:44:47.6989456Z npm warn EBADENGINE }
2026-02-03T12:44:49.3894513Z npm warn deprecated inflight@1.0.6: This module is not supported, and leaks memory. Do not use it. Check out lru-cache if you want a good and tested way to coalesce async requests by a key value, which is much more comprehensive and powerful.
2026-02-03T12:44:49.4290785Z npm warn deprecated rimraf@2.6.3: Rimraf versions prior to v4 are no longer supported
2026-02-03T12:44:49.5088787Z npm warn deprecated glob@7.2.3: Glob versions prior to v9 are no longer supported
2026-02-03T12:44:49.6264150Z npm warn deprecated boolean@3.2.0: Package no longer supported. Contact Support at https://www.npmjs.com/support for more info.
2026-02-03T12:44:53.7145687Z 
2026-02-03T12:44:53.7148057Z added 359 packages, and audited 360 packages in 8s
2026-02-03T12:44:53.7149159Z 
2026-02-03T12:44:53.7149724Z 64 packages are looking for funding
2026-02-03T12:44:53.7150375Z   run `npm fund` for details
2026-02-03T12:44:53.7282174Z 
2026-02-03T12:44:53.7282950Z 1 moderate severity vulnerability
2026-02-03T12:44:53.7283501Z 
2026-02-03T12:44:53.7284056Z To address all issues (including breaking changes), run:
2026-02-03T12:44:53.7285776Z   npm audit fix --force
2026-02-03T12:44:53.7286049Z 
2026-02-03T12:44:53.7286466Z Run `npm audit` for details.
2026-02-03T12:44:53.7715689Z ##[group]Run npm run build
2026-02-03T12:44:53.7715965Z [36;1mnpm run build[0m
2026-02-03T12:44:53.7747351Z shell: /usr/bin/bash -e {0}
2026-02-03T12:44:53.7747587Z env:
2026-02-03T12:44:53.7748070Z   GH_TOKEN: ***
2026-02-03T12:44:53.7748270Z ##[endgroup]
2026-02-03T12:44:53.8819026Z 
2026-02-03T12:44:53.8819655Z > renderdragon-assets@1.0.0 build
2026-02-03T12:44:53.8820130Z > electron-builder
2026-02-03T12:44:53.8820299Z 
2026-02-03T12:44:54.3599678Z   â€¢ electron-builder  version=26.7.0 os=6.11.0-1018-azure
2026-02-03T12:44:54.3604089Z   â€¢ publishing will be skipped  reason=current build is a part of pull request solution=set env PUBLISH_FOR_PULL_REQUEST to true to force code signing
2026-02-03T12:44:54.3605696Z There are serious security concerns with PUBLISH_FOR_PULL_REQUEST=true (see the  CircleCI documentation (https://circleci.com/docs/1.0/fork-pr-builds/) for details)
2026-02-03T12:44:54.3607769Z If you have SSH keys, sensitive env vars or AWS credentials stored in your project settings and untrusted forks can make pull requests against your repo, then this option isn't for you.
2026-02-03T12:44:54.3647512Z   â€¢ loaded configuration  file=package.json ("build" field)
2026-02-03T12:44:54.6235927Z   â€¢ executing @electron/rebuild  electronVersion=28.3.3 arch=x64 buildFromSource=false workspaceRoot=/home/runner/work/Renderdragon-native/Renderdragon-native projectDir=./ appDir=./
2026-02-03T12:44:54.6237930Z   â€¢ installing native dependencies  arch=x64
2026-02-03T12:44:54.8292325Z   â€¢ completed installing native dependencies
2026-02-03T12:44:54.8335720Z   â€¢ packaging       platform=linux arch=x64 electron=28.3.3 appOutDir=dist/linux-unpacked
2026-02-03T12:44:54.8774794Z   â€¢ downloading     url=https://github.com/electron/electron/releases/download/v28.3.3/electron-v28.3.3-linux-x64.zip size=102 MB parts=8
2026-02-03T12:44:55.1102594Z   â€¢ downloaded      url=https://github.com/electron/electron/releases/download/v28.3.3/electron-v28.3.3-linux-x64.zip duration=269ms
2026-02-03T12:44:56.5705828Z   â€¢ searching for node modules  pm=npm searchDir=/home/runner/work/Renderdragon-native/Renderdragon-native
2026-02-03T12:44:56.9496633Z   â€¢ searching for node modules  pm=traversal searchDir=/home/runner/work/Renderdragon-native/Renderdragon-native
2026-02-03T12:44:56.9498008Z   â€¢ using manual traversal of node_modules to build dependency tree
2026-02-03T12:44:56.9508763Z   â€¢ no node modules returned while searching directories  searchDirectories=[""]
2026-02-03T12:44:56.9748321Z   â€¢ building        target=AppImage arch=x64 file=dist/RenderDragon Assets-1.0.0.AppImage
2026-02-03T12:44:56.9843030Z   â€¢ default Electron icon is used  reason=application icon is not set
2026-02-03T12:44:57.3327421Z   â€¢ downloading     url=https://github.com/electron-userland/electron-builder-binaries/releases/download/appimage-12.0.1/appimage-12.0.1.7z size=1.6 MB parts=1
2026-02-03T12:44:57.3569437Z   â€¢ downloaded      url=https://github.com/electron-userland/electron-builder-binaries/releases/download/appimage-12.0.1/appimage-12.0.1.7z duration=364ms
2026-02-03T12:45:04.6348977Z   â€¢ building        target=deb arch=x64 file=dist/renderdragon-assets_1.0.0_amd64.deb
2026-02-03T12:45:04.6351543Z   â€¢ adding autoupdate files for: deb  resourceDir=dist/linux-unpacked/resources
2026-02-03T12:45:04.6616765Z   â¨¯ Please specify author 'email' in the application package.json
2026-02-03T12:45:04.6617240Z 
2026-02-03T12:45:04.6617626Z See https://docs.npmjs.com/files/package.json#people-fields-author-contributors
2026-02-03T12:45:04.6617989Z 
2026-02-03T12:45:04.6618718Z It is required to set Linux .deb package maintainer. Or you can set maintainer in the custom linux options.
2026-02-03T12:45:04.6619287Z (see https://www.electron.build/linux).
2026-02-03T12:45:04.6619831Z   failedTask=build stackTrace=Error: Please specify author 'email' in the application package.json
2026-02-03T12:45:04.6621362Z                                                                                                                                                                                                                                                                                                             See https://docs.npmjs.com/files/package.json#people-fields-author-contributors
2026-02-03T12:45:04.6623036Z                                                                                                                                                                                                                                                                                                             It is required to set Linux .deb package maintainer. Or you can set maintainer in the custom linux options.
2026-02-03T12:45:04.6623963Z (see https://www.electron.build/linux).
2026-02-03T12:45:04.6625320Z                                                                                                                                                                                                                                                                                                                 at FpmTarget.computeFpmMetaInfoOptions (/home/runner/work/Renderdragon-native/Renderdragon-native/node_modules/app-builder-lib/src/targets/FpmTarget.ts:100:13)
2026-02-03T12:45:04.6627149Z     at FpmTarget.build (/home/runner/work/Renderdragon-native/Renderdragon-native/node_modules/app-builder-lib/src/targets/FpmTarget.ts:176:25)
2026-02-03T12:45:04.6628528Z     at /home/runner/work/Renderdragon-native/Renderdragon-native/node_modules/app-builder-lib/src/platformPackager.ts:186:11
2026-02-03T12:45:04.6629639Z     at async Promise.all (index 0)
2026-02-03T12:45:04.6631051Z     at AsyncTaskManager.awaitTasks (/home/runner/work/Renderdragon-native/Renderdragon-native/node_modules/builder-util/src/asyncTaskManager.ts:65:25)
2026-02-03T12:45:04.6633148Z     at Packager.doBuild (/home/runner/work/Renderdragon-native/Renderdragon-native/node_modules/app-builder-lib/src/packager.ts:564:5)
2026-02-03T12:45:04.6635102Z     at executeFinally (/home/runner/work/Renderdragon-native/Renderdragon-native/node_modules/builder-util/src/promise.ts:12:14)
2026-02-03T12:45:04.6637471Z     at Packager.build (/home/runner/work/Renderdragon-native/Renderdragon-native/node_modules/app-builder-lib/src/packager.ts:458:31)
2026-02-03T12:45:04.6639413Z     at executeFinally (/home/runner/work/Renderdragon-native/Renderdragon-native/node_modules/builder-util/src/promise.ts:12:14)
2026-02-03T12:45:04.6784472Z ##[error]Process completed with exit code 1.
2026-02-03T12:45:04.6889192Z Post job cleanup.
2026-02-03T12:45:04.7826403Z [command]/usr/bin/git version
2026-02-03T12:45:04.7862149Z git version 2.52.0
2026-02-03T12:45:04.7905967Z Temporarily overriding HOME='/home/runner/work/_temp/c6a044f6-9ba7-40ce-af37-27434c1509b4' before making global git config changes
2026-02-03T12:45:04.7907835Z Adding repository directory to the temporary git global config as a safe directory
2026-02-03T12:45:04.7921454Z [command]/usr/bin/git config --global --add safe.directory /home/runner/work/Renderdragon-native/Renderdragon-native
2026-02-03T12:45:04.7959992Z [command]/usr/bin/git config --local --name-only --get-regexp core\.sshCommand
2026-02-03T12:45:04.7992271Z [command]/usr/bin/git submodule foreach --recursive sh -c "git config --local --name-only --get-regexp 'core\.sshCommand' && git config --local --unset-all 'core.sshCommand' || :"
2026-02-03T12:45:04.8225156Z [command]/usr/bin/git config --local --name-only --get-regexp http\.https\:\/\/github\.com\/\.extraheader
2026-02-03T12:45:04.8249006Z http.https://github.com/.extraheader
2026-02-03T12:45:04.8261953Z [command]/usr/bin/git config --local --unset-all http.https://github.com/.extraheader
2026-02-03T12:45:04.8293144Z [command]/usr/bin/git submodule foreach --recursive sh -c "git config --local --name-only --get-regexp 'http\.https\:\/\/github\.com\/\.extraheader' && git config --local --unset-all 'http.https://github.com/.extraheader' || :"
2026-02-03T12:45:04.8543962Z [command]/usr/bin/git config --local --name-only --get-regexp ^includeIf\.gitdir:
2026-02-03T12:45:04.8575350Z [command]/usr/bin/git submodule foreach --recursive git config --local --show-origin --name-only --get-regexp remote.origin.url
2026-02-03T12:45:04.8902079Z Cleaning up orphan processes